../Core/Src/st7789.c:10:13:ST7789_Select	8	static
../Core/Src/st7789.c:14:13:ST7789_Unselect	8	static
../Core/Src/st7789.c:18:6:ST7789_WriteCommand	16	static
../Core/Src/st7789.c:25:6:ST7789_WriteData	16	static
../Core/Src/st7789.c:32:6:ST7789_SetAddressWindow	32	static
../Core/Src/st7789.c:69:6:ST7789_Init	104	static
../Core/Src/st7789.c:189:6:ST7789_FillScreen	24	static
../Core/Src/st7789.c:193:6:ST7789_DrawPixel	32	static
../Core/Src/st7789.c:202:6:ST7789_FillRectangle	32	static
../Core/Src/st7789.c:225:6:ST7789_DrawRectangle	32	static
../Core/Src/st7789.c:233:6:ST7789_DrawLine	40	static
../Core/Src/st7789.c:248:6:ST7789_DrawChar	72	static
../Core/Src/st7789.c:309:6:ST7789_DrawString	40	static
../Core/Src/st7789.c:322:6:ST7789_WriteString	40	static
../Core/Src/st7789.c:334:6:ST7789_SetRotation	24	static
../Core/Src/st7789.c:360:6:ST7789_DisplayOn	8	static
../Core/Src/st7789.c:364:6:ST7789_DisplayOff	8	static
../Core/Src/st7789.c:368:6:ST7789_SetBacklight	16	static
